The current time is Tue Mar 31 20:55:16 2026
Coulomb explosion
Number of particles (N): 1000
r_min=0.000000e+00 m
r_max=2.960000e-07 m
sigmap=5.400000e-25 kg*m/s
sigmathetap=0.010000 rad
dt=2.272727e-13 s
zdet=2.500000e-02 s
Threads per block: 256
Number of blocks: 4
Loop1
Loop2
Loop3
Loop4
Loop5
Loop6
Loop7
Loop8
Loop9
Loop10
Loop11
Loop12
Loop13
Loop14
Loop15
Loop16
Loop17
Loop18
Loop19
Loop20
Loop21
Loop22
Loop23
Loop24
Loop25
Loop26
Loop27
Loop28
Loop29
Loop30
Loop31
Loop32
Loop33
Loop34
Loop35
Loop36
Loop37
Loop38
Loop39
Loop40
Loop41
Loop42
Loop43
Loop44
Loop45
Loop46
Loop47
Loop48
Loop49
Loop50
Loop51
Loop52
Loop53
Loop54
Loop55
Loop56
Loop57
Loop58
Loop59
Loop60
Loop61
Loop62
Loop63
Loop64
Loop65
Loop66
Loop67
Loop68
Loop69
Loop70
Loop71
Loop72
Loop73
Loop74
Loop75
Loop76
Loop77
Loop78
Loop79
Loop80
Loop81
Loop82
Loop83
Loop84
Loop85
Loop86
Loop87
Loop88
Loop89
Loop90
Loop91
Loop92
Loop93
Loop94
Loop95
Loop96
Loop97
Loop98
Loop99
Loop100

Total time: 6.8256 minutes
------------------------------------------------------------
